// Jest Snapshot v1, https://goo.gl/fbAQLP

exports[`<Link /> renders with children 1`] = `
<div
  aria-hidden={null}
  aria-label={null}
  className="css-9auwkz "
  data-test-id="link: /"
  onClick={[Function]}
  role="link"
  tabIndex={null}
>
  <span />
</div>
`;
