// Jest Snapshot v1, https://goo.gl/fbAQLP

exports[`<SheetList /> should not render invalid children 1`] = `
<SheetList
  className={null}
  hasImages={false}
  testId={null}
>
  <List
    className={null}
    role="listbox"
  >
    <ul
      className={null}
      role="listbox"
    >
      <ListItem
        className="css-809xlb css-171mywc"
        isSelected={false}
        key="child-0/.0"
        role={null}
        tabIndex={0}
      >
        <li
          className="css-1p5q8vq css-809xlb css-171mywc css-16gj3o1"
          data-test-id="listItem"
          role={null}
        >
          <div
            className="css-1fj91zt"
            data-test-id={null}
          >
            <ForwardRef(WithForwardedRef(Item))
              title="List Item"
            >
              <Item
                className={null}
                description={null}
                forwardedRef={null}
                image={null}
                isDisabled={false}
                isSelected={false}
                link={null}
                linkComponent={[Function]}
                linkState={null}
                onClick={null}
                rightComponent={null}
                testId={null}
                title="List Item"
              >
                <div
                  data-test-id={null}
                >
                  <Grid
                    className="css-1n351uw"
                    component="div"
                    wrap={false}
                  >
                    <div
                      className="css-1n351uw css-h7r55a"
                    >
                      <GridItem
                        className="css-13u8drl"
                        component="div"
                        grow={1}
                        shrink={1}
                      >
                        <div
                          className="css-13u8drl css-1gs0ko2"
                        >
                          <div>
                            List Item
                          </div>
                        </div>
                      </GridItem>
                    </div>
                  </Grid>
                </div>
              </Item>
            </ForwardRef(WithForwardedRef(Item))>
          </div>
        </li>
      </ListItem>
    </ul>
  </List>
</SheetList>
`;

exports[`<SheetList /> should not render without children 1`] = `
<SheetList
  className={null}
  hasImages={false}
  testId={null}
/>
`;

exports[`<SheetList /> should render a child and add styles for list items with images 1`] = `
<SheetList
  className={null}
  hasImages={true}
  testId={null}
>
  <List
    className={null}
    role="listbox"
  >
    <ul
      className={null}
      role="listbox"
    >
      <ListItem
        className="css-809xlb css-1brrprg css-171mywc"
        isSelected={false}
        key="child-0/.0"
        role={null}
        tabIndex={0}
      >
        <li
          className="css-1p5q8vq css-809xlb css-1brrprg css-171mywc css-16gj3o1"
          data-test-id="listItem"
          role={null}
        >
          <div
            className="css-1fj91zt"
            data-test-id={null}
          >
            <ForwardRef(WithForwardedRef(Item))
              title="List Item"
            >
              <Item
                className={null}
                description={null}
                forwardedRef={null}
                image={null}
                isDisabled={false}
                isSelected={false}
                link={null}
                linkComponent={[Function]}
                linkState={null}
                onClick={null}
                rightComponent={null}
                testId={null}
                title="List Item"
              >
                <div
                  data-test-id={null}
                >
                  <Grid
                    className="css-1n351uw"
                    component="div"
                    wrap={false}
                  >
                    <div
                      className="css-1n351uw css-h7r55a"
                    >
                      <GridItem
                        className="css-13u8drl"
                        component="div"
                        grow={1}
                        shrink={1}
                      >
                        <div
                          className="css-13u8drl css-1gs0ko2"
                        >
                          <div>
                            List Item
                          </div>
                        </div>
                      </GridItem>
                    </div>
                  </Grid>
                </div>
              </Item>
            </ForwardRef(WithForwardedRef(Item))>
          </div>
        </li>
      </ListItem>
    </ul>
  </List>
</SheetList>
`;

exports[`<SheetList /> should render with two children 1`] = `
<SheetList
  className={null}
  hasImages={false}
  testId={null}
>
  <List
    className={null}
    role="listbox"
  >
    <ul
      className={null}
      role="listbox"
    >
      <ListItem
        className="css-809xlb css-171mywc"
        isSelected={false}
        key="child-0/.0"
        role={null}
        tabIndex={0}
      >
        <li
          className="css-1p5q8vq css-809xlb css-171mywc css-16gj3o1"
          data-test-id="listItem"
          role={null}
        >
          <div
            className="css-1fj91zt"
            data-test-id={null}
          >
            <ForwardRef(WithForwardedRef(Item))
              title="List Item"
            >
              <Item
                className={null}
                description={null}
                forwardedRef={null}
                image={null}
                isDisabled={false}
                isSelected={false}
                link={null}
                linkComponent={[Function]}
                linkState={null}
                onClick={null}
                rightComponent={null}
                testId={null}
                title="List Item"
              >
                <div
                  data-test-id={null}
                >
                  <Grid
                    className="css-1n351uw"
                    component="div"
                    wrap={false}
                  >
                    <div
                      className="css-1n351uw css-h7r55a"
                    >
                      <GridItem
                        className="css-13u8drl"
                        component="div"
                        grow={1}
                        shrink={1}
                      >
                        <div
                          className="css-13u8drl css-1gs0ko2"
                        >
                          <div>
                            List Item
                          </div>
                        </div>
                      </GridItem>
                    </div>
                  </Grid>
                </div>
              </Item>
            </ForwardRef(WithForwardedRef(Item))>
          </div>
        </li>
      </ListItem>
      <ListItem
        className="css-809xlb css-171mywc"
        isSelected={false}
        key="child-1/.1"
        role={null}
        tabIndex={0}
      >
        <li
          className="css-1p5q8vq css-809xlb css-171mywc css-16gj3o1"
          data-test-id="listItem"
          role={null}
        >
          <div
            className="css-1fj91zt"
            data-test-id={null}
          >
            <ForwardRef(WithForwardedRef(Item))
              title="List Item"
            >
              <Item
                className={null}
                description={null}
                forwardedRef={null}
                image={null}
                isDisabled={false}
                isSelected={false}
                link={null}
                linkComponent={[Function]}
                linkState={null}
                onClick={null}
                rightComponent={null}
                testId={null}
                title="List Item"
              >
                <div
                  data-test-id={null}
                >
                  <Grid
                    className="css-1n351uw"
                    component="div"
                    wrap={false}
                  >
                    <div
                      className="css-1n351uw css-h7r55a"
                    >
                      <GridItem
                        className="css-13u8drl"
                        component="div"
                        grow={1}
                        shrink={1}
                      >
                        <div
                          className="css-13u8drl css-1gs0ko2"
                        >
                          <div>
                            List Item
                          </div>
                        </div>
                      </GridItem>
                    </div>
                  </Grid>
                </div>
              </Item>
            </ForwardRef(WithForwardedRef(Item))>
          </div>
        </li>
      </ListItem>
    </ul>
  </List>
</SheetList>
`;
