// Jest Snapshot v1, https://goo.gl/fbAQLP

exports[`<Group /> should render a group title row 1`] = `
<Group
  group="Test"
>
  <tr>
    <td
      className={
        Object {
          "data-css-1o9kcbq": "",
        }
      }
      colSpan="2"
    >
      <span
        dangerouslySetInnerHTML={
          Object {
            "__html": "Test",
          }
        }
      />
    </td>
  </tr>
</Group>
`;
