// Jest Snapshot v1, https://goo.gl/fbAQLP

exports[`engage > locations > StoreList > StoreHeader should render as expected 1`] = `
<StoreHeader>
  <div
    className="css-1qplxu7"
    onClick={[Function]}
    onKeyDown={[Function]}
    role="button"
    tabIndex={0}
  >
    <Grid
      className=""
      component="ul"
      wrap={false}
    >
      <ul
        className=" css-h7r55a"
      >
        <GridItem
          className="css-1qlb3ci"
          component="li"
          grow={1}
          shrink={1}
        >
          <li
            className="css-1qlb3ci css-1gs0ko2"
          >
            SomeStore
            <ResponsiveContainer
              appAlways={false}
              appOnly={false}
              breakpoint=">=sm"
              webAlways={false}
              webOnly={true}
            />
          </li>
        </GridItem>
        <ResponsiveContainer
          appAlways={true}
          appOnly={false}
          breakpoint="<sm"
          webAlways={false}
          webOnly={false}
        >
          <GridItem
            className=""
            component="li"
            grow={0}
            shrink={0}
          >
            <li
              className=" css-1l9a57c"
            >
              <StoreDistance
                distance={0.02}
                unitSystem="metric"
              >
                <span
                  className="css-jr9m0l"
                >
                  formats.distance.pattern
                </span>
              </StoreDistance>
            </li>
          </GridItem>
        </ResponsiveContainer>
        <ResponsiveContainer
          appAlways={false}
          appOnly={false}
          breakpoint=">=sm"
          webAlways={false}
          webOnly={true}
        />
      </ul>
    </Grid>
    <StoreHoursToday
      hours={
        Object {
          "fri": "8:00am - 4:00pm",
          "mon": "8:00am - 4:00pm",
          "sat": "8:00am - 4:00pm",
          "sun": "8:00am - 4:00pm",
          "thu": "8:00am - 4:00pm",
          "tue": "8:00am - 4:00pm",
          "wed": "8:00am - 4:00pm",
        }
      }
    >
      <div
        className="css-17tiibl"
      >
        locations.today_hours
      </div>
    </StoreHoursToday>
  </div>
</StoreHeader>
`;
