// Jest Snapshot v1, https://goo.gl/fbAQLP

exports[`<StoreAddressHeading> should render as expected 1`] = `
<div
  className="css-1bvvjxu"
>
  <div
    className="css-1qlb3ci"
    data-test-id="store-name"
  >
    ACME
  </div>
  <StoreAddressDistance
    distance={5.3}
    unitSystem="system"
  />
</div>
`;
