// Jest Snapshot v1, https://goo.gl/fbAQLP

exports[`<StoreListProduct /> should not render if not product is supplied 1`] = `""`;

exports[`<StoreListProduct /> should render a product without selected variants. 1`] = `
<div
  className="css-73f55n"
>
  <div
    className="css-1f7wp8g"
  >
    <div
      className="css-15aij0t"
    >
      <Connect(WithWidgetSettings(ProductImage))
        src="http://www.some.com"
      />
    </div>
    <div
      className="css-yp5sfk"
    >
      <StoreListProductName />
      <StoreListProductInfo />
    </div>
  </div>
</div>
`;
