// Jest Snapshot v1, https://goo.gl/fbAQLP

exports[`<StoreAddressOpeningHours /> should not render hours that are empty 1`] = `
<StoreAddressOpeningHours
  hours={
    Object {
      "mon": "8:00am - 4:00pm",
      "tue": "",
      "wed": "8:00am - 8:00pm",
    }
  }
>
  <div
    className="css-1xm8nj0"
  >
    <StoreAddressOpeningHoursLine
      code="mon"
      hours="8:00am - 4:00pm"
      key="mon"
    >
      <div
        className="css-9shxm7"
      >
        <div
          className="css-1ppc7ry"
        >
          locations.mon
        </div>
        <div
          data-test-id="hours-mon"
        >
          8:00am - 4:00pm
        </div>
      </div>
    </StoreAddressOpeningHoursLine>
    <StoreAddressOpeningHoursLine
      code="tue"
      hours=""
      key="tue"
    />
    <StoreAddressOpeningHoursLine
      code="wed"
      hours="8:00am - 8:00pm"
      key="wed"
    >
      <div
        className="css-9shxm7"
      >
        <div
          className="css-1ppc7ry"
        >
          locations.wed
        </div>
        <div
          data-test-id="hours-wed"
        >
          8:00am - 8:00pm
        </div>
      </div>
    </StoreAddressOpeningHoursLine>
    <StoreAddressOpeningHoursLine
      code="thu"
      hours={null}
      key="thu"
    />
    <StoreAddressOpeningHoursLine
      code="fri"
      hours={null}
      key="fri"
    />
    <StoreAddressOpeningHoursLine
      code="sat"
      hours={null}
      key="sat"
    />
    <StoreAddressOpeningHoursLine
      code="sun"
      hours={null}
      key="sun"
    />
  </div>
</StoreAddressOpeningHours>
`;

exports[`<StoreAddressOpeningHours /> should not render if no hours are passed 1`] = `""`;
