// Jest Snapshot v1, https://goo.gl/fbAQLP

exports[`<StoreHoursToday /> should not render if no hours have been passed 1`] = `""`;

exports[`<StoreHoursToday /> should render as expected 1`] = `
<div
  className="css-1kqiarg"
>
  locations.today_hours
</div>
`;
