// Jest Snapshot v1, https://goo.gl/fbAQLP

exports[`<StoreAddressPhoneNumber /> should not render if no phone number is passed 1`] = `""`;

exports[`<StoreAddressPhoneNumber /> should render as expected 1`] = `
<a
  className="css-1tfe2bz"
  href="tel:800-100-0000"
>
  <span
    className="css-u30qo6"
  >
    <Phone />
  </span>
  <span
    data-test-id="store-phone"
  >
    800-100-0000
  </span>
</a>
`;
