// Jest Snapshot v1, https://goo.gl/fbAQLP

exports[`<PaymentBarDiscounts /> should render and match snapshot 1`] = `
Array [
  <CartTotalLine
    className={null}
    isDisabled={false}
    key="discount-Coupon-10"
    type="discount"
  >
    <Label
      label="cart.discount_with_label"
      labelParams={
        Object {
          "label": "Coupon",
        }
      }
      showSeparator={true}
    />
    <Amount
      amount={-10}
      currency="EUR"
    />
  </CartTotalLine>,
  <CartTotalLine
    className={null}
    isDisabled={false}
    key="discount--2"
    type="discount"
  >
    <Label
      label="cart.discount"
      labelParams={
        Object {
          "label": "",
        }
      }
      showSeparator={true}
    />
    <Amount
      amount={-2}
      currency="EUR"
    />
  </CartTotalLine>,
]
`;
