// Jest Snapshot v1, https://goo.gl/fbAQLP

exports[`<PaymentBarSubTotal> should render line 1`] = `
<CartTotalLine
  className={null}
  isDisabled={false}
  type="subTotal"
>
  <Label
    label="cart.subtotal"
    labelParams={Object {}}
    showSeparator={true}
    suffix={null}
  />
  <Amount
    amount={10}
    currency="EUR"
  />
</CartTotalLine>
`;
