// Jest Snapshot v1, https://goo.gl/fbAQLP

exports[`engage > locations > actions-creators receiveProductLocations 1`] = `
Object {
  "locations": Array [
    "a",
    "b",
    "c",
  ],
  "params": undefined,
  "productId": "id123",
  "type": "RECEIVE_PRODUCT_LOCATIONS",
}
`;
