// Jest Snapshot v1, https://goo.gl/fbAQLP

exports[`engage > locations > actions-creators receiveLocations 1`] = `
Object {
  "filters": Array [
    Object {
      "code": "code1",
      "name": "Location name",
    },
  ],
  "locations": undefined,
  "type": "RECEIVE_LOCATIONS",
}
`;
